Archive member included to satisfy reference by file (symbol)

c:/program files/microchip/xc8/v2.36/avr/bin/../lib/gcc/avr/5.4.0/avr51/memx-const\libgcc.a(_udivmodsi4.o)
                              src/app_fsm.o (__udivmodsi4)
c:/program files/microchip/xc8/v2.36/avr/bin/../lib/gcc/avr/5.4.0/avr51/memx-const\libgcc.a(_tablejump2.o)
                              src/hw_sensor.o (__tablejump2__)
c:/program files/microchip/xc8/v2.36/avr/bin/../lib/gcc/avr/5.4.0/avr51/memx-const\libgcc.a(_copy_data.o)
                              src/hw_sensor.o (__do_copy_data)
c:/program files/microchip/xc8/v2.36/avr/bin/../lib/gcc/avr/5.4.0/avr51/memx-const\libgcc.a(_xload_1.o)
                              src/hw_output.o (__xload_1)
c:/program files/microchip/xc8/v2.36/avr/bin/../lib/gcc/avr/5.4.0/../../../../avr/lib/avr51/memx-const\libc.a(exit.o)
                              C:/Program Files (x86)/Atmel/Studio/7.0/Packs/atmel/ATmega_DFP/1.7.374/xc8/avr/lib/avr51/memx-const/crtatmega128.o (exit)
c:/program files/microchip/xc8/v2.36/avr/bin/../lib/gcc/avr/5.4.0/../../../../avr/lib/avr51/memx-const\libc.a(_Exit.o)
                              c:/program files/microchip/xc8/v2.36/avr/bin/../lib/gcc/avr/5.4.0/../../../../avr/lib/avr51/memx-const\libc.a(exit.o) (_Exit)
c:/program files/microchip/xc8/v2.36/avr/bin/../lib/gcc/avr/5.4.0/avr51/memx-const\libgcc.a(_exit.o)
                              c:/program files/microchip/xc8/v2.36/avr/bin/../lib/gcc/avr/5.4.0/../../../../avr/lib/avr51/memx-const\libc.a(_Exit.o) (_exit)

Discarded input sections

 .data          0x0000000000000000        0x0 C:/Program Files (x86)/Atmel/Studio/7.0/Packs/atmel/ATmega_DFP/1.7.374/xc8/avr/lib/avr51/memx-const/crtatmega128.o
 .bss           0x0000000000000000        0x0 C:/Program Files (x86)/Atmel/Studio/7.0/Packs/atmel/ATmega_DFP/1.7.374/xc8/avr/lib/avr51/memx-const/crtatmega128.o
 .text          0x0000000000000000        0x0 src/app_fsm.o
 .data          0x0000000000000000        0x0 src/app_fsm.o
 .bss           0x0000000000000000        0x0 src/app_fsm.o
 .text          0x0000000000000000        0x0 src/hw_output.o
 .data          0x0000000000000000        0x0 src/hw_output.o
 .bss           0x0000000000000000        0x0 src/hw_output.o
 .text.led_toggle
                0x0000000000000000        0x8 src/hw_output.o
 .text          0x0000000000000000        0x0 src/hw_sensor.o
 .data          0x0000000000000000        0x0 src/hw_sensor.o
 .bss           0x0000000000000000        0x0 src/hw_sensor.o
 .text          0x0000000000000000        0x0 src/hw_switch.o
 .data          0x0000000000000000        0x0 src/hw_switch.o
 .bss           0x0000000000000000        0x0 src/hw_switch.o
 .text          0x0000000000000000        0x0 src/hw_uart.o
 .data          0x0000000000000000        0x0 src/hw_uart.o
 .bss           0x0000000000000000        0x0 src/hw_uart.o
 .text.uart_puts
                0x0000000000000000       0x2e src/hw_uart.o
 .text.uart_get_packet_status
                0x0000000000000000        0x6 src/hw_uart.o
 .text.uart_clear_packet_status
                0x0000000000000000        0x6 src/hw_uart.o
 .text          0x0000000000000000        0x0 src/main.o
 .data          0x0000000000000000        0x0 src/main.o
 .bss           0x0000000000000000        0x0 src/main.o
 .text          0x0000000000000000        0x0 src/hw_timer.o
 .data          0x0000000000000000        0x0 src/hw_timer.o
 .bss           0x0000000000000000        0x0 src/hw_timer.o
 .text          0x0000000000000000        0x0 c:/program files/microchip/xc8/v2.36/avr/bin/../lib/gcc/avr/5.4.0/avr51/memx-const\libgcc.a(_udivmodsi4.o)
 .data          0x0000000000000000        0x0 c:/program files/microchip/xc8/v2.36/avr/bin/../lib/gcc/avr/5.4.0/avr51/memx-const\libgcc.a(_udivmodsi4.o)
 .bss           0x0000000000000000        0x0 c:/program files/microchip/xc8/v2.36/avr/bin/../lib/gcc/avr/5.4.0/avr51/memx-const\libgcc.a(_udivmodsi4.o)
 .text.libgcc.mul
                0x0000000000000000        0x0 c:/program files/microchip/xc8/v2.36/avr/bin/../lib/gcc/avr/5.4.0/avr51/memx-const\libgcc.a(_udivmodsi4.o)
 .stack.descriptors
                0x0000000000000000       0x1a c:/program files/microchip/xc8/v2.36/avr/bin/../lib/gcc/avr/5.4.0/avr51/memx-const\libgcc.a(_udivmodsi4.o)
 .text.libgcc   0x0000000000000000        0x0 c:/program files/microchip/xc8/v2.36/avr/bin/../lib/gcc/avr/5.4.0/avr51/memx-const\libgcc.a(_udivmodsi4.o)
 .text.libgcc.prologue
                0x0000000000000000        0x0 c:/program files/microchip/xc8/v2.36/avr/bin/../lib/gcc/avr/5.4.0/avr51/memx-const\libgcc.a(_udivmodsi4.o)
 .text.libgcc.builtins
                0x0000000000000000        0x0 c:/program files/microchip/xc8/v2.36/avr/bin/../lib/gcc/avr/5.4.0/avr51/memx-const\libgcc.a(_udivmodsi4.o)
 .text.libgcc.fmul
                0x0000000000000000        0x0 c:/program files/microchip/xc8/v2.36/avr/bin/../lib/gcc/avr/5.4.0/avr51/memx-const\libgcc.a(_udivmodsi4.o)
 .text.libgcc.fixed
                0x0000000000000000        0x0 c:/program files/microchip/xc8/v2.36/avr/bin/../lib/gcc/avr/5.4.0/avr51/memx-const\libgcc.a(_udivmodsi4.o)
 .text          0x0000000000000000        0x0 c:/program files/microchip/xc8/v2.36/avr/bin/../lib/gcc/avr/5.4.0/avr51/memx-const\libgcc.a(_tablejump2.o)
 .data          0x0000000000000000        0x0 c:/program files/microchip/xc8/v2.36/avr/bin/../lib/gcc/avr/5.4.0/avr51/memx-const\libgcc.a(_tablejump2.o)
 .bss           0x0000000000000000        0x0 c:/program files/microchip/xc8/v2.36/avr/bin/../lib/gcc/avr/5.4.0/avr51/memx-const\libgcc.a(_tablejump2.o)
 .text.libgcc.mul
                0x0000000000000000        0x0 c:/program files/microchip/xc8/v2.36/avr/bin/../lib/gcc/avr/5.4.0/avr51/memx-const\libgcc.a(_tablejump2.o)
 .text.libgcc.div
                0x0000000000000000        0x0 c:/program files/microchip/xc8/v2.36/avr/bin/../lib/gcc/avr/5.4.0/avr51/memx-const\libgcc.a(_tablejump2.o)
 .text.libgcc.prologue
                0x0000000000000000        0x0 c:/program files/microchip/xc8/v2.36/avr/bin/../lib/gcc/avr/5.4.0/avr51/memx-const\libgcc.a(_tablejump2.o)
 .stack.descriptors
                0x0000000000000000       0x1c c:/program files/microchip/xc8/v2.36/avr/bin/../lib/gcc/avr/5.4.0/avr51/memx-const\libgcc.a(_tablejump2.o)
 .text.libgcc.builtins
                0x0000000000000000        0x0 c:/program files/microchip/xc8/v2.36/avr/bin/../lib/gcc/avr/5.4.0/avr51/memx-const\libgcc.a(_tablejump2.o)
 .text.libgcc.fmul
                0x0000000000000000        0x0 c:/program files/microchip/xc8/v2.36/avr/bin/../lib/gcc/avr/5.4.0/avr51/memx-const\libgcc.a(_tablejump2.o)
 .text.libgcc.fixed
                0x0000000000000000        0x0 c:/program files/microchip/xc8/v2.36/avr/bin/../lib/gcc/avr/5.4.0/avr51/memx-const\libgcc.a(_tablejump2.o)
 .text          0x0000000000000000        0x0 c:/program files/microchip/xc8/v2.36/avr/bin/../lib/gcc/avr/5.4.0/avr51/memx-const\libgcc.a(_copy_data.o)
 .data          0x0000000000000000        0x0 c:/program files/microchip/xc8/v2.36/avr/bin/../lib/gcc/avr/5.4.0/avr51/memx-const\libgcc.a(_copy_data.o)
 .bss           0x0000000000000000        0x0 c:/program files/microchip/xc8/v2.36/avr/bin/../lib/gcc/avr/5.4.0/avr51/memx-const\libgcc.a(_copy_data.o)
 .text.libgcc.mul
                0x0000000000000000        0x0 c:/program files/microchip/xc8/v2.36/avr/bin/../lib/gcc/avr/5.4.0/avr51/memx-const\libgcc.a(_copy_data.o)
 .text.libgcc.div
                0x0000000000000000        0x0 c:/program files/microchip/xc8/v2.36/avr/bin/../lib/gcc/avr/5.4.0/avr51/memx-const\libgcc.a(_copy_data.o)
 .text.libgcc   0x0000000000000000        0x0 c:/program files/microchip/xc8/v2.36/avr/bin/../lib/gcc/avr/5.4.0/avr51/memx-const\libgcc.a(_copy_data.o)
 .text.libgcc.prologue
                0x0000000000000000        0x0 c:/program files/microchip/xc8/v2.36/avr/bin/../lib/gcc/avr/5.4.0/avr51/memx-const\libgcc.a(_copy_data.o)
 .text.libgcc.builtins
                0x0000000000000000        0x0 c:/program files/microchip/xc8/v2.36/avr/bin/../lib/gcc/avr/5.4.0/avr51/memx-const\libgcc.a(_copy_data.o)
 .text.libgcc.fmul
                0x0000000000000000        0x0 c:/program files/microchip/xc8/v2.36/avr/bin/../lib/gcc/avr/5.4.0/avr51/memx-const\libgcc.a(_copy_data.o)
 .text.libgcc.fixed
                0x0000000000000000        0x0 c:/program files/microchip/xc8/v2.36/avr/bin/../lib/gcc/avr/5.4.0/avr51/memx-const\libgcc.a(_copy_data.o)
 .text          0x0000000000000000        0x0 c:/program files/microchip/xc8/v2.36/avr/bin/../lib/gcc/avr/5.4.0/avr51/memx-const\libgcc.a(_xload_1.o)
 .data          0x0000000000000000        0x0 c:/program files/microchip/xc8/v2.36/avr/bin/../lib/gcc/avr/5.4.0/avr51/memx-const\libgcc.a(_xload_1.o)
 .bss           0x0000000000000000        0x0 c:/program files/microchip/xc8/v2.36/avr/bin/../lib/gcc/avr/5.4.0/avr51/memx-const\libgcc.a(_xload_1.o)
 .text.libgcc.mul
                0x0000000000000000        0x0 c:/program files/microchip/xc8/v2.36/avr/bin/../lib/gcc/avr/5.4.0/avr51/memx-const\libgcc.a(_xload_1.o)
 .text.libgcc.div
                0x0000000000000000        0x0 c:/program files/microchip/xc8/v2.36/avr/bin/../lib/gcc/avr/5.4.0/avr51/memx-const\libgcc.a(_xload_1.o)
 .text.libgcc.prologue
                0x0000000000000000        0x0 c:/program files/microchip/xc8/v2.36/avr/bin/../lib/gcc/avr/5.4.0/avr51/memx-const\libgcc.a(_xload_1.o)
 .stack.descriptors
                0x0000000000000000       0x17 c:/program files/microchip/xc8/v2.36/avr/bin/../lib/gcc/avr/5.4.0/avr51/memx-const\libgcc.a(_xload_1.o)
 .text.libgcc.builtins
                0x0000000000000000        0x0 c:/program files/microchip/xc8/v2.36/avr/bin/../lib/gcc/avr/5.4.0/avr51/memx-const\libgcc.a(_xload_1.o)
 .text.libgcc.fmul
                0x0000000000000000        0x0 c:/program files/microchip/xc8/v2.36/avr/bin/../lib/gcc/avr/5.4.0/avr51/memx-const\libgcc.a(_xload_1.o)
 .text.libgcc.fixed
                0x0000000000000000        0x0 c:/program files/microchip/xc8/v2.36/avr/bin/../lib/gcc/avr/5.4.0/avr51/memx-const\libgcc.a(_xload_1.o)
 .text          0x0000000000000000        0x0 c:/program files/microchip/xc8/v2.36/avr/bin/../lib/gcc/avr/5.4.0/../../../../avr/lib/avr51/memx-const\libc.a(exit.o)
 .data          0x0000000000000000        0x0 c:/program files/microchip/xc8/v2.36/avr/bin/../lib/gcc/avr/5.4.0/../../../../avr/lib/avr51/memx-const\libc.a(exit.o)
 .bss           0x0000000000000000        0x0 c:/program files/microchip/xc8/v2.36/avr/bin/../lib/gcc/avr/5.4.0/../../../../avr/lib/avr51/memx-const\libc.a(exit.o)
 .text          0x0000000000000000        0x0 c:/program files/microchip/xc8/v2.36/avr/bin/../lib/gcc/avr/5.4.0/../../../../avr/lib/avr51/memx-const\libc.a(_Exit.o)
 .data          0x0000000000000000        0x0 c:/program files/microchip/xc8/v2.36/avr/bin/../lib/gcc/avr/5.4.0/../../../../avr/lib/avr51/memx-const\libc.a(_Exit.o)
 .bss           0x0000000000000000        0x0 c:/program files/microchip/xc8/v2.36/avr/bin/../lib/gcc/avr/5.4.0/../../../../avr/lib/avr51/memx-const\libc.a(_Exit.o)
 .text          0x0000000000000000        0x0 c:/program files/microchip/xc8/v2.36/avr/bin/../lib/gcc/avr/5.4.0/avr51/memx-const\libgcc.a(_exit.o)
 .data          0x0000000000000000        0x0 c:/program files/microchip/xc8/v2.36/avr/bin/../lib/gcc/avr/5.4.0/avr51/memx-const\libgcc.a(_exit.o)
 .bss           0x0000000000000000        0x0 c:/program files/microchip/xc8/v2.36/avr/bin/../lib/gcc/avr/5.4.0/avr51/memx-const\libgcc.a(_exit.o)
 .text.libgcc.mul
                0x0000000000000000        0x0 c:/program files/microchip/xc8/v2.36/avr/bin/../lib/gcc/avr/5.4.0/avr51/memx-const\libgcc.a(_exit.o)
 .text.libgcc.div
                0x0000000000000000        0x0 c:/program files/microchip/xc8/v2.36/avr/bin/../lib/gcc/avr/5.4.0/avr51/memx-const\libgcc.a(_exit.o)
 .text.libgcc   0x0000000000000000        0x0 c:/program files/microchip/xc8/v2.36/avr/bin/../lib/gcc/avr/5.4.0/avr51/memx-const\libgcc.a(_exit.o)
 .text.libgcc.prologue
                0x0000000000000000        0x0 c:/program files/microchip/xc8/v2.36/avr/bin/../lib/gcc/avr/5.4.0/avr51/memx-const\libgcc.a(_exit.o)
 .stack.descriptors
                0x0000000000000000       0x13 c:/program files/microchip/xc8/v2.36/avr/bin/../lib/gcc/avr/5.4.0/avr51/memx-const\libgcc.a(_exit.o)
 .text.libgcc.builtins
                0x0000000000000000        0x0 c:/program files/microchip/xc8/v2.36/avr/bin/../lib/gcc/avr/5.4.0/avr51/memx-const\libgcc.a(_exit.o)
 .text.libgcc.fmul
                0x0000000000000000        0x0 c:/program files/microchip/xc8/v2.36/avr/bin/../lib/gcc/avr/5.4.0/avr51/memx-const\libgcc.a(_exit.o)
 .text.libgcc.fixed
                0x0000000000000000        0x0 c:/program files/microchip/xc8/v2.36/avr/bin/../lib/gcc/avr/5.4.0/avr51/memx-const\libgcc.a(_exit.o)

Memory Configuration

Name             Origin             Length             Attributes
text             0x0000000000000000 0x0000000000020000 xr
data             0x0000000000800100 0x0000000000001000 rw !x
eeprom           0x0000000000810000 0x0000000000001000 rw !x
fuse             0x0000000000820000 0x0000000000000003 rw !x
lock             0x0000000000830000 0x0000000000000400 rw !x
signature        0x0000000000840000 0x0000000000000400 rw !x
user_signatures  0x0000000000850000 0x0000000000000400 rw !x
*default*        0x0000000000000000 0xffffffffffffffff

Linker script and memory map

Address of section .data set to 0x800100
LOAD C:/Program Files (x86)/Atmel/Studio/7.0/Packs/atmel/ATmega_DFP/1.7.374/xc8/avr/lib/avr51/memx-const/crtatmega128.o
LOAD src/app_fsm.o
LOAD src/hw_output.o
LOAD src/hw_sensor.o
LOAD src/hw_switch.o
LOAD src/hw_uart.o
LOAD src/main.o
LOAD src/hw_timer.o
START GROUP
LOAD c:/program files/microchip/xc8/v2.36/avr/bin/../lib/gcc/avr/5.4.0/../../../../avr/lib/avr51/memx-const\libm.a
END GROUP
START GROUP
LOAD c:/program files/microchip/xc8/v2.36/avr/bin/../lib/gcc/avr/5.4.0/avr51/memx-const\libgcc.a
LOAD c:/program files/microchip/xc8/v2.36/avr/bin/../lib/gcc/avr/5.4.0/../../../../avr/lib/avr51/memx-const\libm.a
LOAD c:/program files/microchip/xc8/v2.36/avr/bin/../lib/gcc/avr/5.4.0/../../../../avr/lib/avr51/memx-const\libc.a
LOAD C:/Program Files (x86)/Atmel/Studio/7.0/Packs/atmel/ATmega_DFP/1.7.374/xc8/avr/lib/avr51/memx-const\libatmega128.a
END GROUP
                0x0000000000000000                __TEXT_REGION_ORIGIN__ = DEFINED (__TEXT_REGION_ORIGIN__)?__TEXT_REGION_ORIGIN__:0x0
                [0x0000000000800100]                __DATA_REGION_ORIGIN__ = DEFINED (__DATA_REGION_ORIGIN__)?__DATA_REGION_ORIGIN__:0x800100
                [0x0000000000020000]                __TEXT_REGION_LENGTH__ = DEFINED (__TEXT_REGION_LENGTH__)?__TEXT_REGION_LENGTH__:0x20000
                [0x0000000000001000]                __DATA_REGION_LENGTH__ = DEFINED (__DATA_REGION_LENGTH__)?__DATA_REGION_LENGTH__:0xff00
                [0x0000000000001000]                __EEPROM_REGION_LENGTH__ = DEFINED (__EEPROM_REGION_LENGTH__)?__EEPROM_REGION_LENGTH__:0x10000
                [0x0000000000000003]                __FUSE_REGION_LENGTH__ = DEFINED (__FUSE_REGION_LENGTH__)?__FUSE_REGION_LENGTH__:0x400
                0x0000000000000400                __LOCK_REGION_LENGTH__ = DEFINED (__LOCK_REGION_LENGTH__)?__LOCK_REGION_LENGTH__:0x400
                0x0000000000000400                __SIGNATURE_REGION_LENGTH__ = DEFINED (__SIGNATURE_REGION_LENGTH__)?__SIGNATURE_REGION_LENGTH__:0x400
                0x0000000000000400                __USER_SIGNATURE_REGION_LENGTH__ = DEFINED (__USER_SIGNATURE_REGION_LENGTH__)?__USER_SIGNATURE_REGION_LENGTH__:0x400

.hash
 *(.hash)

.dynsym
 *(.dynsym)

.dynstr
 *(.dynstr)

.gnu.version
 *(.gnu.version)

.gnu.version_d
 *(.gnu.version_d)

.gnu.version_r
 *(.gnu.version_r)

.rel.init
 *(.rel.init)

.rela.init
 *(.rela.init)

.rel.text
 *(.rel.text)
 *(.rel.text.*)
 *(.rel.gnu.linkonce.t*)

.rela.text
 *(.rela.text)
 *(.rela.text.*)
 *(.rela.gnu.linkonce.t*)

.rel.fini
 *(.rel.fini)

.rela.fini
 *(.rela.fini)

.rel.rodata
 *(.rel.rodata)
 *(.rel.rodata.*)
 *(.rel.gnu.linkonce.r*)

.rela.rodata
 *(.rela.rodata)
 *(.rela.rodata.*)
 *(.rela.gnu.linkonce.r*)

.rel.data
 *(.rel.data)
 *(.rel.data.*)
 *(.rel.gnu.linkonce.d*)

.rela.data
 *(.rela.data)
 *(.rela.data.*)
 *(.rela.gnu.linkonce.d*)

.rel.ctors
 *(.rel.ctors)

.rela.ctors
 *(.rela.ctors)

.rel.dtors
 *(.rel.dtors)

.rela.dtors
 *(.rela.dtors)

.rel.got
 *(.rel.got)

.rela.got
 *(.rela.got)

.rel.bss
 *(.rel.bss)

.rela.bss
 *(.rela.bss)

.rel.plt
 *(.rel.plt)

.rela.plt
 *(.rela.plt)

.text           0x0000000000000000      0x106
 *(.vectors)
 .vectors       0x0000000000000000       0x8c C:/Program Files (x86)/Atmel/Studio/7.0/Packs/atmel/ATmega_DFP/1.7.374/xc8/avr/lib/avr51/memx-const/crtatmega128.o
                0x0000000000000000                __vector_default
                0x0000000000000000                __vectors
 *(.vectors)
 *(.progmem.gcc*)
 .progmem.gcc_sw_table.sensor_temp_update
                0x000000000000008c       0x10 src/hw_sensor.o
 *(.dinit)
 .dinit         0x000000000000009c       0x11 data_init
                0x00000000000000ae                . = ALIGN (0x2)
 *fill*         0x00000000000000ad        0x1 
                0x00000000000000ae                __trampolines_start = .
 *(.trampolines)
 .trampolines   0x00000000000000ae        0x0 linker stubs
 *(.trampolines*)
                0x00000000000000ae                __trampolines_end = .
 *libprintf_flt.a:*(.progmem.data)
 *libc.a:*(.progmem.data)
                0x00000000000000ae                . = ALIGN (0x2)
 *(.jumptables)
 *(.jumptables*)
 *(.lowtext)
 *(.lowtext*)
                0x00000000000000ae                __ctors_start = .
 *(.ctors)
                0x00000000000000ae                __ctors_end = .
                0x00000000000000ae                __dtors_start = .
 *(.dtors)
                0x00000000000000ae                __dtors_end = .
 SORT(*)(.ctors)
 SORT(*)(.dtors)
 *(.init0)
 .init0         0x00000000000000ae        0x0 C:/Program Files (x86)/Atmel/Studio/7.0/Packs/atmel/ATmega_DFP/1.7.374/xc8/avr/lib/avr51/memx-const/crtatmega128.o
                0x00000000000000ae                __init
 *(.init0)
 *(.init1)
 *(.init1)
 *(.init2)
 .init2         0x00000000000000ae        0xc C:/Program Files (x86)/Atmel/Studio/7.0/Packs/atmel/ATmega_DFP/1.7.374/xc8/avr/lib/avr51/memx-const/crtatmega128.o
 *(.init2)
 *(.init3)
 *(.init3)
 *(.init4)
 .init4         0x00000000000000ba       0x40 c:/program files/microchip/xc8/v2.36/avr/bin/../lib/gcc/avr/5.4.0/avr51/memx-const\libgcc.a(_copy_data.o)
                0x00000000000000ba                __do_copy_data
                0x00000000000000ec                __do_clear_bss
 *(.init4)
 *(.init5)
 *(.init5)
 *(.init6)
 *(.init6)
 *(.init7)
 *(.init7)
 *(.init8)
 *(.init8)
 *(.init9)
 .init9         0x00000000000000fa        0x8 C:/Program Files (x86)/Atmel/Studio/7.0/Packs/atmel/ATmega_DFP/1.7.374/xc8/avr/lib/avr51/memx-const/crtatmega128.o
 *(.init9)
                0x0000000000000102                . = ALIGN (0x2)
 *(.fini9)
 .fini9         0x0000000000000102        0x0 c:/program files/microchip/xc8/v2.36/avr/bin/../lib/gcc/avr/5.4.0/avr51/memx-const\libgcc.a(_exit.o)
                0x0000000000000102                _exit
 *(.fini9)
 *(.fini8)
 *(.fini8)
 *(.fini7)
 *(.fini7)
 *(.fini6)
 *(.fini6)
 *(.fini5)
 *(.fini5)
 *(.fini4)
 *(.fini4)
 *(.fini3)
 *(.fini3)
 *(.fini2)
 *(.fini2)
 *(.fini1)
 *(.fini1)
 *(.fini0)
 .fini0         0x0000000000000102        0x4 c:/program files/microchip/xc8/v2.36/avr/bin/../lib/gcc/avr/5.4.0/avr51/memx-const\libgcc.a(_exit.o)
 *(.fini0)
                0x0000000000000106                _etext = .

.data           0x0000000000800100        0x0 load address 0x0000000000000106
                [!provide]                        PROVIDE (__data_start, .)
 *(.gnu.linkonce.d*)
 *(.gnu.linkonce.r*)
                0x0000000000800100                . = ALIGN (0x2)
                0x0000000000800100                _edata = .
                [!provide]                        PROVIDE (__data_end, .)

.bss            0x0000000000800100        0x0
                [!provide]                        PROVIDE (__bss_start, .)
 *(COMMON)
                [!provide]                        PROVIDE (__bss_end, .)
                0x0000000000000106                __data_load_start = LOADADDR (.data)
                0x0000000000000106                __data_load_end = (__data_load_start + SIZEOF (.data))

.noinit         0x0000000000800100        0x0
                [!provide]                        PROVIDE (__noinit_start, .)
 *(.noinit*)
                [!provide]                        PROVIDE (__noinit_end, .)
                0x0000000000800100                _end = .

.eeprom         0x0000000000810000        0x0
 *(.eeprom*)
                0x0000000000810000                __eeprom_end = .

.fuse
 *(.fuse)
 *(.lfuse)
 *(.hfuse)
 *(.efuse)

.lock
 *(.lock*)

.signature
 *(.signature*)

.user_signatures
 *(.user_signatures*)

.stab
 *(.stab)

.stabstr
 *(.stabstr)

.stab.excl
 *(.stab.excl)

.stab.exclstr
 *(.stab.exclstr)

.stab.index
 *(.stab.index)

.stab.indexstr
 *(.stab.indexstr)

.comment        0x0000000000000000       0x2f
 *(.comment)
 .comment       0x0000000000000000       0x2f src/app_fsm.o
                                         0x30 (size before relaxing)
 .comment       0x000000000000002f       0x30 src/hw_output.o
 .comment       0x000000000000002f       0x30 src/hw_sensor.o
 .comment       0x000000000000002f       0x30 src/hw_switch.o
 .comment       0x000000000000002f       0x30 src/hw_uart.o
 .comment       0x000000000000002f       0x30 src/main.o
 .comment       0x000000000000002f       0x30 src/hw_timer.o
 .comment       0x000000000000002f       0x30 c:/program files/microchip/xc8/v2.36/avr/bin/../lib/gcc/avr/5.4.0/../../../../avr/lib/avr51/memx-const\libc.a(exit.o)
 .comment       0x000000000000002f       0x30 c:/program files/microchip/xc8/v2.36/avr/bin/../lib/gcc/avr/5.4.0/../../../../avr/lib/avr51/memx-const\libc.a(_Exit.o)

.stack.descriptors.hdr
                0x0000000000000000       0x38
 .stack.descriptors.hdr
                0x0000000000000000        0xe c:/program files/microchip/xc8/v2.36/avr/bin/../lib/gcc/avr/5.4.0/avr51/memx-const\libgcc.a(_udivmodsi4.o)
 .stack.descriptors.hdr
                0x000000000000000e        0xe c:/program files/microchip/xc8/v2.36/avr/bin/../lib/gcc/avr/5.4.0/avr51/memx-const\libgcc.a(_tablejump2.o)
 .stack.descriptors.hdr
                0x000000000000001c        0xe c:/program files/microchip/xc8/v2.36/avr/bin/../lib/gcc/avr/5.4.0/avr51/memx-const\libgcc.a(_xload_1.o)
 .stack.descriptors.hdr
                0x000000000000002a        0xe c:/program files/microchip/xc8/v2.36/avr/bin/../lib/gcc/avr/5.4.0/avr51/memx-const\libgcc.a(_exit.o)

.note.GNU-stack
                0x0000000000000000        0x0
 .note.GNU-stack
                0x0000000000000000        0x0 c:/program files/microchip/xc8/v2.36/avr/bin/../lib/gcc/avr/5.4.0/../../../../avr/lib/avr51/memx-const\libc.a(exit.o)
 .note.GNU-stack
                0x0000000000000000        0x0 c:/program files/microchip/xc8/v2.36/avr/bin/../lib/gcc/avr/5.4.0/../../../../avr/lib/avr51/memx-const\libc.a(_Exit.o)

.note.gnu.build-id
 *(.note.gnu.build-id)

.debug
 *(.debug)

.line
 *(.line)

.debug_srcinfo
 *(.debug_srcinfo)

.debug_sfnames
 *(.debug_sfnames)

.debug_aranges  0x0000000000000000      0x240
 *(.debug_aranges)
 .debug_aranges
                0x0000000000000000       0x38 src/app_fsm.o
 .debug_aranges
                0x0000000000000038       0x48 src/hw_output.o
 .debug_aranges
                0x0000000000000080       0xb0 src/hw_sensor.o
 .debug_aranges
                0x0000000000000130       0x48 src/hw_switch.o
 .debug_aranges
                0x0000000000000178       0x70 src/hw_uart.o
 .debug_aranges
                0x00000000000001e8       0x20 src/main.o
 .debug_aranges
                0x0000000000000208       0x38 src/hw_timer.o

.debug_pubnames
 *(.debug_pubnames)

.debug_info     0x0000000000000000     0x2f69
 *(.debug_info .gnu.linkonce.wi.*)
 .debug_info    0x0000000000000000      0x780 C:/Program Files (x86)/Atmel/Studio/7.0/Packs/atmel/ATmega_DFP/1.7.374/xc8/avr/lib/avr51/memx-const/crtatmega128.o
 .debug_info    0x0000000000000780      0x777 src/app_fsm.o
 .debug_info    0x0000000000000ef7      0x37a src/hw_output.o
 .debug_info    0x0000000000001271      0x99a src/hw_sensor.o
 .debug_info    0x0000000000001c0b      0x4a8 src/hw_switch.o
 .debug_info    0x00000000000020b3      0x6e9 src/hw_uart.o
 .debug_info    0x000000000000279c      0x4ba src/main.o
 .debug_info    0x0000000000002c56      0x313 src/hw_timer.o

.debug_abbrev   0x0000000000000000      0xee4
 *(.debug_abbrev)
 .debug_abbrev  0x0000000000000000      0x718 C:/Program Files (x86)/Atmel/Studio/7.0/Packs/atmel/ATmega_DFP/1.7.374/xc8/avr/lib/avr51/memx-const/crtatmega128.o
 .debug_abbrev  0x0000000000000718      0x139 src/app_fsm.o
 .debug_abbrev  0x0000000000000851       0xbc src/hw_output.o
 .debug_abbrev  0x000000000000090d      0x1ad src/hw_sensor.o
 .debug_abbrev  0x0000000000000aba      0x126 src/hw_switch.o
 .debug_abbrev  0x0000000000000be0      0x196 src/hw_uart.o
 .debug_abbrev  0x0000000000000d76       0xc2 src/main.o
 .debug_abbrev  0x0000000000000e38       0xac src/hw_timer.o

.debug_line     0x0000000000000000     0x12cf
 *(.debug_line .debug_line.* .debug_line_end)
 .debug_line    0x0000000000000000      0x16d C:/Program Files (x86)/Atmel/Studio/7.0/Packs/atmel/ATmega_DFP/1.7.374/xc8/avr/lib/avr51/memx-const/crtatmega128.o
 .debug_line    0x000000000000016d      0x311 src/app_fsm.o
 .debug_line    0x000000000000047e      0x180 src/hw_output.o
 .debug_line    0x00000000000005fe      0x52c src/hw_sensor.o
 .debug_line    0x0000000000000b2a      0x1f7 src/hw_switch.o
 .debug_line    0x0000000000000d21      0x330 src/hw_uart.o
 .debug_line    0x0000000000001051      0x17f src/main.o
 .debug_line    0x00000000000011d0       0xff src/hw_timer.o

.debug_frame    0x0000000000000000      0x5a8
 *(.debug_frame)
 .debug_frame   0x0000000000000000       0x94 src/app_fsm.o
 .debug_frame   0x0000000000000094       0x80 src/hw_output.o
 .debug_frame   0x0000000000000114      0x194 src/hw_sensor.o
 .debug_frame   0x00000000000002a8      0x124 src/hw_switch.o
 .debug_frame   0x00000000000003cc      0x144 src/hw_uart.o
 .debug_frame   0x0000000000000510       0x24 src/main.o
 .debug_frame   0x0000000000000534       0x74 src/hw_timer.o

.debug_str      0x0000000000000000      0x485
 *(.debug_str)
 .debug_str     0x0000000000000000      0x27d C:/Program Files (x86)/Atmel/Studio/7.0/Packs/atmel/ATmega_DFP/1.7.374/xc8/avr/lib/avr51/memx-const/crtatmega128.o
 .debug_str     0x000000000000027d       0xbd src/app_fsm.o
 .debug_str     0x000000000000033a        0x0 src/hw_output.o
 .debug_str     0x000000000000033a        0xf src/hw_sensor.o
 .debug_str     0x0000000000000349       0x18 src/hw_switch.o
 .debug_str     0x0000000000000361       0x1a src/hw_uart.o
 .debug_str     0x000000000000037b      0x10a src/main.o
 .debug_str     0x0000000000000485        0x0 src/hw_timer.o

.debug_loc      0x0000000000000000      0xbdf
 *(.debug_loc)
 .debug_loc     0x0000000000000000      0x252 src/app_fsm.o
 .debug_loc     0x0000000000000252       0x8a src/hw_output.o
 .debug_loc     0x00000000000002dc      0x1eb src/hw_sensor.o
 .debug_loc     0x00000000000004c7      0x2ae src/hw_switch.o
 .debug_loc     0x0000000000000775      0x3e3 src/hw_uart.o
 .debug_loc     0x0000000000000b58       0x24 src/main.o
 .debug_loc     0x0000000000000b7c       0x63 src/hw_timer.o

.debug_macinfo
 *(.debug_macinfo)

.debug_weaknames
 *(.debug_weaknames)

.debug_funcnames
 *(.debug_funcnames)

.debug_typenames
 *(.debug_typenames)

.debug_varnames
 *(.debug_varnames)

.debug_pubtypes
 *(.debug_pubtypes)

.debug_ranges   0x0000000000000000      0x1e8
 *(.debug_ranges)
 .debug_ranges  0x0000000000000000       0x28 src/app_fsm.o
 .debug_ranges  0x0000000000000028       0x38 src/hw_output.o
 .debug_ranges  0x0000000000000060       0xa0 src/hw_sensor.o
 .debug_ranges  0x0000000000000100       0x38 src/hw_switch.o
 .debug_ranges  0x0000000000000138       0x78 src/hw_uart.o
 .debug_ranges  0x00000000000001b0       0x10 src/main.o
 .debug_ranges  0x00000000000001c0       0x28 src/hw_timer.o

.debug_macro
 *(.debug_macro)
OUTPUT(MiniMCWS.elf elf32-avr)
LOAD linker stubs
LOAD data_init

.note.gnu.avr.deviceinfo
                0x0000000000000000       0x3c
 .note.gnu.avr.deviceinfo
                0x0000000000000000       0x3c C:/Program Files (x86)/Atmel/Studio/7.0/Packs/atmel/ATmega_DFP/1.7.374/xc8/avr/lib/avr51/memx-const/crtatmega128.o

.bss.state_entered_tick
                0x0000000000800105        0x4
 .bss.state_entered_tick
                0x0000000000800105        0x4 src/app_fsm.o

.bss.currentState
                0x0000000000800129        0x1
 .bss.currentState
                0x0000000000800129        0x1 src/app_fsm.o

.bss.fnd_idx    0x000000000080012a        0x1
 .bss.fnd_idx   0x000000000080012a        0x1 src/hw_output.o

.bss.fnd_digits
                0x0000000000800109        0x4
 .bss.fnd_digits
                0x0000000000800109        0x4 src/hw_output.o

.bss.light_timeout_fault
                0x000000000080012b        0x1
 .bss.light_timeout_fault
                0x000000000080012b        0x1 src/hw_sensor.o

.bss.temp_timeout_fault
                0x000000000080012c        0x1
 .bss.temp_timeout_fault
                0x000000000080012c        0x1 src/hw_sensor.o

.bss.cached_temp
                0x0000000000800127        0x2
 .bss.cached_temp
                0x0000000000800127        0x2 src/hw_sensor.o

.bss.light_phase_tick
                0x000000000080010d        0x4
 .bss.light_phase_tick
                0x000000000080010d        0x4 src/hw_sensor.o

.bss.temp_phase_tick
                0x0000000000800111        0x4
 .bss.temp_phase_tick
                0x0000000000800111        0x4 src/hw_sensor.o

.bss.light_state
                0x000000000080012d        0x1
 .bss.light_state
                0x000000000080012d        0x1 src/hw_sensor.o

.bss.temp_state
                0x000000000080012e        0x1
 .bss.temp_state
                0x000000000080012e        0x1 src/hw_sensor.o

.bss.sw2_press  0x000000000080012f        0x1
 .bss.sw2_press
                0x000000000080012f        0x1 src/hw_switch.o

.bss.sw1_press  0x0000000000800130        0x1
 .bss.sw1_press
                0x0000000000800130        0x1 src/hw_switch.o

.bss.sw2_active
                0x0000000000800131        0x1
 .bss.sw2_active
                0x0000000000800131        0x1 src/hw_switch.o

.bss.sw1_active
                0x0000000000800132        0x1
 .bss.sw1_active
                0x0000000000800132        0x1 src/hw_switch.o

.bss.sw2_pressed_tick
                0x0000000000800115        0x4
 .bss.sw2_pressed_tick
                0x0000000000800115        0x4 src/hw_switch.o

.bss.sw1_pressed_tick
                0x0000000000800119        0x4
 .bss.sw1_pressed_tick
                0x0000000000800119        0x4 src/hw_switch.o

.bss.seq.1726   0x0000000000800133        0x1
 .bss.seq.1726  0x0000000000800133        0x1 src/hw_uart.o

.bss.injected_faults
                0x0000000000800134        0x1
 .bss.injected_faults
                0x0000000000800134        0x1 src/hw_uart.o

.bss.rx_buf     0x0000000000800100        0x5
 .bss.rx_buf    0x0000000000800100        0x5 src/hw_uart.o

.bss.rx_state   0x0000000000800135        0x1
 .bss.rx_state  0x0000000000800135        0x1 src/hw_uart.o

.bss.new_packet_received
                0x0000000000800136        0x1
 .bss.new_packet_received
                0x0000000000800136        0x1 src/hw_uart.o

.bss.last_heartbeat_tick
                0x000000000080011d        0x4
 .bss.last_heartbeat_tick
                0x000000000080011d        0x4 src/hw_uart.o

.bss.tickFlag   0x0000000000800137        0x1
 .bss.tickFlag  0x0000000000800137        0x1 src/hw_timer.o
                0x0000000000800137                tickFlag

.bss.count      0x0000000000800121        0x4
 .bss.count     0x0000000000800121        0x4 src/hw_timer.o

.progmemx.data.fnd_font
                0x0000000000000106       0x10
 .progmemx.data.fnd_font
                0x0000000000000106       0x10 src/hw_output.o

.text.FSM_update
                0x0000000000000116      0x254
 .text.FSM_update
                0x0000000000000116      0x254 src/app_fsm.o
                0x0000000000000116                FSM_update

.text.sensor_temp_update
                0x000000000000036a      0x216
 .text.sensor_temp_update
                0x000000000000036a      0x216 src/hw_sensor.o
                0x000000000000036a                sensor_temp_update

.text.__vector_18
                0x0000000000000580       0xf4
 .text.__vector_18
                0x0000000000000580       0xf4 src/hw_uart.o
                0x0000000000000580                __vector_18

.text.switch_update
                0x0000000000000674       0xb6
 .text.switch_update
                0x0000000000000674       0xb6 src/hw_switch.o
                0x0000000000000674                switch_update

.text.check_faults
                0x000000000000072a       0x9e
 .text.check_faults
                0x000000000000072a       0x9e src/app_fsm.o

.text.sensor_light_update
                0x00000000000007c8       0x8e
 .text.sensor_light_update
                0x00000000000007c8       0x8e src/hw_sensor.o
                0x00000000000007c8                sensor_light_update

.text._twi_temp_reset
                0x0000000000000856       0x7e
 .text._twi_temp_reset
                0x0000000000000856       0x7e src/hw_sensor.o

.text.main      0x00000000000008d4       0x78
 .text.main     0x00000000000008d4       0x78 src/main.o
                0x00000000000008d4                main

.text.__vector_5
                0x000000000000094c       0x6e
 .text.__vector_5
                0x000000000000094c       0x6e src/hw_switch.o
                0x000000000000094c                __vector_5

.text.__vector_6
                0x00000000000009ba       0x6e
 .text.__vector_6
                0x00000000000009ba       0x6e src/hw_switch.o
                0x00000000000009ba                __vector_6

.text.uart_send_packet
                0x0000000000000a28       0x6c
 .text.uart_send_packet
                0x0000000000000a28       0x6c src/hw_uart.o
                0x0000000000000a28                uart_send_packet

.text.fnd_update
                0x0000000000000a94       0x5e
 .text.fnd_update
                0x0000000000000a94       0x5e src/hw_output.o
                0x0000000000000a94                fnd_update

.text.__vector_12
                0x0000000000000af2       0x50
 .text.__vector_12
                0x0000000000000af2       0x50 src/hw_timer.o
                0x0000000000000af2                __vector_12

.text.sensor_init
                0x0000000000000b42       0x44
 .text.sensor_init
                0x0000000000000b42       0x44 src/hw_sensor.o
                0x0000000000000b42                sensor_init

.text.libgcc.div
                0x0000000000000b86       0x44
 .text.libgcc.div
                0x0000000000000b86       0x44 c:/program files/microchip/xc8/v2.36/avr/bin/../lib/gcc/avr/5.4.0/avr51/memx-const\libgcc.a(_udivmodsi4.o)
                0x0000000000000b86                __udivmodsi4

.text._temp_phase_timed_out
                0x0000000000000bca       0x38
 .text._temp_phase_timed_out
                0x0000000000000bca       0x38 src/hw_sensor.o

.text._light_phase_timed_out
                0x0000000000000c02       0x38
 .text._light_phase_timed_out
                0x0000000000000c02       0x38 src/hw_sensor.o

.text._calc_crc8
                0x0000000000000c3a       0x36
 .text._calc_crc8
                0x0000000000000c3a       0x36 src/hw_uart.o

.text.output_init
                0x0000000000000c70       0x32
 .text.output_init
                0x0000000000000c70       0x32 src/hw_output.o
                0x0000000000000c70                output_init

.text._twi_init
                0x0000000000000ca2       0x24
 .text._twi_init
                0x0000000000000ca2       0x24 src/hw_sensor.o

.text.sensor_isLightFault
                0x0000000000000cc6       0x22
 .text.sensor_isLightFault
                0x0000000000000cc6       0x22 src/hw_sensor.o
                0x0000000000000cc6                sensor_isLightFault

.text.sensor_isTempFault
                0x0000000000000ce8       0x20
 .text.sensor_isTempFault
                0x0000000000000ce8       0x20 src/hw_sensor.o
                0x0000000000000ce8                sensor_isTempFault

.text.buzzer_set
                0x0000000000000d08       0x1e
 .text.buzzer_set
                0x0000000000000d08       0x1e src/hw_output.o
                0x0000000000000d08                buzzer_set

.text.FSM_init  0x0000000000000d26       0x1a
 .text.FSM_init
                0x0000000000000d26       0x1a src/app_fsm.o
                0x0000000000000d26                FSM_init

.text.switch_getPress
                0x0000000000000d40       0x18
 .text.switch_getPress
                0x0000000000000d40       0x18 src/hw_switch.o
                0x0000000000000d40                switch_getPress

.text.timer1_init
                0x0000000000000d58       0x18
 .text.timer1_init
                0x0000000000000d58       0x18 src/hw_timer.o
                0x0000000000000d58                timer1_init

.text.fnd_set   0x0000000000000d70       0x16
 .text.fnd_set  0x0000000000000d70       0x16 src/hw_output.o
                0x0000000000000d70                fnd_set

.text.uart_send_telemetry
                0x0000000000000d86       0x16
 .text.uart_send_telemetry
                0x0000000000000d86       0x16 src/hw_uart.o
                0x0000000000000d86                uart_send_telemetry

.text.exit      0x0000000000000d9c       0x16
 .text.exit     0x0000000000000d9c       0x16 c:/program files/microchip/xc8/v2.36/avr/bin/../lib/gcc/avr/5.4.0/../../../../avr/lib/avr51/memx-const\libc.a(exit.o)
                0x0000000000000d9c                exit

.text.switch_init
                0x0000000000000db2       0x14
 .text.switch_init
                0x0000000000000db2       0x14 src/hw_switch.o
                0x0000000000000db2                switch_init

.text.switch_clearPress
                0x0000000000000dc6       0x14
 .text.switch_clearPress
                0x0000000000000dc6       0x14 src/hw_switch.o
                0x0000000000000dc6                switch_clearPress

.text.uart_init
                0x0000000000000dda       0x14
 .text.uart_init
                0x0000000000000dda       0x14 src/hw_uart.o
                0x0000000000000dda                uart_init

.text._adc_ready
                0x0000000000000dee       0x12
 .text._adc_ready
                0x0000000000000dee       0x12 src/hw_sensor.o

.text.uart_get_last_heartbeat_tick
                0x0000000000000e00       0x12
 .text.uart_get_last_heartbeat_tick
                0x0000000000000e00       0x12 src/hw_uart.o
                0x0000000000000e00                uart_get_last_heartbeat_tick

.text.get_timer_tick
                0x0000000000000e12       0x12
 .text.get_timer_tick
                0x0000000000000e12       0x12 src/hw_timer.o
                0x0000000000000e12                get_timer_tick

.text.libgcc    0x0000000000000e24       0x12
 .text.libgcc   0x0000000000000e24       0x12 c:/program files/microchip/xc8/v2.36/avr/bin/../lib/gcc/avr/5.4.0/avr51/memx-const\libgcc.a(_tablejump2.o)
                0x0000000000000e24                __tablejump2__

.text.libgcc    0x0000000000000e36        0xe
 .text.libgcc   0x0000000000000e36        0xe c:/program files/microchip/xc8/v2.36/avr/bin/../lib/gcc/avr/5.4.0/avr51/memx-const\libgcc.a(_xload_1.o)
                0x0000000000000e36                __xload_1

.text._twi_issue_write
                0x0000000000000e44        0xc
 .text._twi_issue_write
                0x0000000000000e44        0xc src/hw_sensor.o

.text._twi_ready
                0x0000000000000e50        0xc
 .text._twi_ready
                0x0000000000000e50        0xc src/hw_sensor.o

.text.TIMER_HasTickElapsed
                0x0000000000000e5c        0xc
 .text.TIMER_HasTickElapsed
                0x0000000000000e5c        0xc src/hw_timer.o
                0x0000000000000e5c                TIMER_HasTickElapsed

.text.sensor_getTemp
                0x0000000000000e68        0xa
 .text.sensor_getTemp
                0x0000000000000e68        0xa src/hw_sensor.o
                0x0000000000000e68                sensor_getTemp

.text.sensor_getLight
                0x0000000000000e72        0xa
 .text.sensor_getLight
                0x0000000000000e72        0xa src/hw_sensor.o
                0x0000000000000e72                sensor_getLight

.text._adc_init
                0x0000000000000e7c        0x8
 .text._adc_init
                0x0000000000000e7c        0x8 src/hw_sensor.o

.text._twi_issue_start
                0x0000000000000e84        0x8
 .text._twi_issue_start
                0x0000000000000e84        0x8 src/hw_sensor.o

.text._twi_issue_stop
                0x0000000000000e8c        0x8
 .text._twi_issue_stop
                0x0000000000000e8c        0x8 src/hw_sensor.o

.text._twi_issue_read_ack
                0x0000000000000e94        0x8
 .text._twi_issue_read_ack
                0x0000000000000e94        0x8 src/hw_sensor.o

.text._twi_issue_read_nack
                0x0000000000000e9c        0x8
 .text._twi_issue_read_nack
                0x0000000000000e9c        0x8 src/hw_sensor.o

.text.uart_putc
                0x0000000000000ea4        0x8
 .text.uart_putc
                0x0000000000000ea4        0x8 src/hw_uart.o
                0x0000000000000ea4                uart_putc

.text.FSM_getState
                0x0000000000000eac        0x6
 .text.FSM_getState
                0x0000000000000eac        0x6 src/app_fsm.o
                0x0000000000000eac                FSM_getState

.text.uart_get_injected_faults
                0x0000000000000eb2        0x6
 .text.uart_get_injected_faults
                0x0000000000000eb2        0x6 src/hw_uart.o
                0x0000000000000eb2                uart_get_injected_faults

.text           0x0000000000000eb8        0x4
 .text          0x0000000000000eb8        0x4 C:/Program Files (x86)/Atmel/Studio/7.0/Packs/atmel/ATmega_DFP/1.7.374/xc8/avr/lib/avr51/memx-const/crtatmega128.o
                0x0000000000000eb8                __vector_22
                0x0000000000000eb8                __vector_28
                0x0000000000000eb8                __vector_1
                0x0000000000000eb8                __vector_32
                0x0000000000000eb8                __vector_34
                0x0000000000000eb8                __vector_24
                0x0000000000000eb8                __bad_interrupt
                0x0000000000000eb8                __vector_31
                0x0000000000000eb8                __vector_3
                0x0000000000000eb8                __vector_23
                0x0000000000000eb8                __vector_30
                0x0000000000000eb8                __vector_25
                0x0000000000000eb8                __vector_11
                0x0000000000000eb8                __vector_13
                0x0000000000000eb8                __vector_17
                0x0000000000000eb8                __vector_19
                0x0000000000000eb8                __vector_7
                0x0000000000000eb8                __vector_27
                0x0000000000000eb8                __vector_33
                0x0000000000000eb8                __vector_4
                0x0000000000000eb8                __vector_9
                0x0000000000000eb8                __vector_2
                0x0000000000000eb8                __vector_21
                0x0000000000000eb8                __vector_15
                0x0000000000000eb8                __vector_29
                0x0000000000000eb8                __vector_8
                0x0000000000000eb8                __vector_26
                0x0000000000000eb8                __vector_14
                0x0000000000000eb8                __vector_10
                0x0000000000000eb8                __vector_16
                0x0000000000000eb8                __vector_20

.text.led_set   0x0000000000000ebc        0x4
 .text.led_set  0x0000000000000ebc        0x4 src/hw_output.o
                0x0000000000000ebc                led_set

.text._Exit     0x0000000000000ec0        0x4
 .text._Exit    0x0000000000000ec0        0x4 c:/program files/microchip/xc8/v2.36/avr/bin/../lib/gcc/avr/5.4.0/../../../../avr/lib/avr51/memx-const\libc.a(_Exit.o)
                0x0000000000000ec0                _Exit

.text.__dummy_fini
                0x0000000000000ec4        0x2
 .text.__dummy_fini
                0x0000000000000ec4        0x2 c:/program files/microchip/xc8/v2.36/avr/bin/../lib/gcc/avr/5.4.0/../../../../avr/lib/avr51/memx-const\libc.a(exit.o)
                0x0000000000000ec4                _fini

.text.__dummy_funcs_on_exit
                0x0000000000000ec6        0x2
 .text.__dummy_funcs_on_exit
                0x0000000000000ec6        0x2 c:/program files/microchip/xc8/v2.36/avr/bin/../lib/gcc/avr/5.4.0/../../../../avr/lib/avr51/memx-const\libc.a(exit.o)
                0x0000000000000ec6                __funcs_on_exit

.text.__dummy_simulator_exit
                0x0000000000000ec8        0x2
 .text.__dummy_simulator_exit
                0x0000000000000ec8        0x2 c:/program files/microchip/xc8/v2.36/avr/bin/../lib/gcc/avr/5.4.0/../../../../avr/lib/avr51/memx-const\libc.a(exit.o)
                0x0000000000000ec8                __simulator_exit

.data.cached_light
                0x0000000000800125        0x2 load address 0x0000000000000eca
 .data.cached_light
                0x0000000000800125        0x2 src/hw_sensor.o
